{
  "scheme": "tms",
  "basename": "export.mbtiles",
  "id": "export",
  "filesize": 44032,
  "attribution": "&copy; John Doe 2013.",
  "center": [
    0,
    0,
    3
  ],
  "format": "pbf",
  "maxzoom": 4,
  "minzoom": 0,
  "name": "Test source",
  "bounds": [
    -180,
    -85.0511,
    180,
    85.0511
  ],
  "vector_layers": [
    {
      "id": "box",
      "description": "",
      "fields": {
        "ScaleRank": "String",
        "FeatureCla": "String",
        "Name1": "String",
        "Name2": "String",
        "Date": "String"
      }
    },
    {
      "id": "solid",
      "description": "",
      "fields": {
        "Id": "Number"
      }
    }
  ]
}